// Jest Snapshot v1, https://goo.gl/fbAQLP

exports[`user doesn't have required reputation 1`] = `
<Popup
  arrow={true}
  arrowStyle={
    Object {
      "background": "#f9fbfb",
    }
  }
  className=""
  closeOnDocumentClick={true}
  closeOnEscape={true}
  contentStyle={
    Object {
      "zIndex": 999,
    }
  }
  defaultOpen={false}
  keepTooltipInside={false}
  lockScroll={false}
  modal={false}
  mouseEnterDelay={100}
  mouseLeaveDelay={100}
  offsetX={0}
  offsetY={0}
  on="hover"
  onClose={[Function]}
  onOpen={[Function]}
  open={false}
  overlayStyle={Object {}}
  position="bottom center"
  trigger={
    <div
      className="help-tooltip-trigger"
    >
      Has reputation: false
    </div>
  }
>
  <Message
    type="primary"
  >
    <Icon
      name="info-circle"
    />
    Â 
    <Trans
      i18nKey="errors:client.needReputation"
      requiredRep={42}
    >
      You need at least 
      <Component />
      <Link
        onlyActiveOnIndex={false}
        style={Object {}}
        to="/help/reputation"
      >
        translated[pages.reputation]
      </Link>
      points to do that
    </Trans>
  </Message>
</Popup>
`;

exports[`user have required reputation 1`] = `"Has reputation: true"`;
